This is pdfTeX, Version 3.141592653-2.6-1.40.29 (MiKTeX 26.5) (preloaded format=pdflatex 2026.7.1)  4 JUL 2026 13:27
entering extended mode
 restricted \write18 enabled.
 file:line:error style messages enabled.
 %&-line parsing enabled.
**"c:/Users/matma/OneDrive/Desktop/Stage IPGP/SAFE-M-ORP/documentation/_build/latex/safe-m-orp.tex"
(c:/Users/matma/OneDrive/Desktop/Stage IPGP/SAFE-M-ORP/documentation/_build/latex/safe-m-orp.tex
LaTeX2e <2026-06-01>
L3 programming layer <2026-05-26>

! LaTeX Error: File `sphinxmanual.cls' not found.

Type X to quit or <RETURN> to proceed,
or enter new name. (Default extension: cls)

Enter file name: 
c:/Users/matma/OneDrive/Desktop/Stage IPGP/SAFE-M-ORP/documentation/_build/latex/safe-m-orp.tex:4: Emergency stop.
<read *> 
         
l.4 \ifdefined
              \pdfpxdimen^^M
*** (cannot \read from terminal in nonstop modes)

 
Here is how much of TeX's memory you used:
 23 strings out of 467509
 754 string characters out of 5408781
 435365 words of memory out of 5000000
 29361 multiletter control sequences out of 15000+600000
 627721 words of font info for 40 fonts, out of 8000000 for 9000
 1141 hyphenation exceptions out of 8191
 19i,0n,29p,154b,17s stack positions out of 10000i,1000n,20000p,200000b,200000s
c:/Users/matma/OneDrive/Desktop/Stage IPGP/SAFE-M-ORP/documentation/_build/latex/safe-m-orp.tex:4:  ==> Fatal error occurred, no output PDF file produced!
